===========================================================================
 BARON version 22.7.23. Built: OSX-64 Sat Jul 23 23:35:46 EDT 2022

 BARON is a product of The Optimization Firm.
 For information on BARON, see https://minlp.com/about-baron

 If you use this software, please cite publications from
 https://minlp.com/baron-publications, such as: 

 Khajavirad, A. and N. V. Sahinidis,
 A hybrid LP/NLP paradigm for global optimization relaxations,
 Mathematical Programming Computation, 10, 383-421, 2018.
===========================================================================
 This BARON run may utilize the following subsolver(s)
 For LP/MIP/QP: CLP/CBC                                         
 For NLP: IPOPT, FILTERSQP
===========================================================================
    The options used in solving the problem are as follows:
       maxtime        =  0.5000E+03
       maxiter        =      -1
       numsol         =       1
       firstfeas      =      -1
       firstloc       =       F
       cutoff         =  0.1000E+52
       target         = -0.1000E+52
       epsa           =  0.1000E-05
       epsr           =  0.1000E-05
       relgaptype     =       1
       deltaterm      =       0
       deltaa         =  0.1000E+52
       deltar         =  0.1000E+01
       deltat         = -0.1000E+03
       boxtol         =  0.1000E-07
       isoltol        =  0.1000E-03
       absconfeastol  =  0.1000E-04
       relconfeastol  =  0.0000E+00
       absintfeastol  =  0.1000E-04
       relintfeastol  =  0.0000E+00
       results        =       1
       summary        =       1
       times          =       1
       prtimefreq     =  0.3000E+02
       prfreq         = 1000000
       prlevel        =       1
       lpsol          =       8
       nlpsol         =      -1
       allowminos     =       F
       allowsnopt     =       F
       allowexternal  =       F
       allowipopt     =       T
       allowfiltersd  =       F
       allowfiltersqp =       T
       dolocal        =       1
       numloc         =      20
       locres         =       0
       pdo            =      -2
       brvarstra      =       0
       brptstra       =       0
       nodesel        =       0
       compiis        =       0
       iisint         =       1
       iisorder       =      -1
       images         =      -1
       threads        =       1
       problemisconvex=       F
===========================================================================
 Preprocessing found feasible solution with value 0.666660600000     
 Doing local search
 Preprocessing found feasible solution with value -2.15721160000     
 Solving bounding LP
 Starting multi-start local search
 Done with local search
===========================================================================
  Iteration    Open nodes         Time (s)    Lower bound      Upper bound
          1             0             0.09    -2.15721         -2.15721    

                         *** Normal completion ***            

 Wall clock time:                     0.09
 Total CPU time used:                 0.09

 Total no. of BaR iterations:       1
 Best solution found at node:      -1
 Max. no. of nodes in memory:       1
 
 All done
===========================================================================
